<pre class="php"><span class="kw2">&lt;?php</span>
<span class="kw1">echo</span> <span class="st0">&quot;test&quot;</span><span class="sy0">;</span>  
<span class="sy1">?&gt;</span>  </pre>